// Jest Snapshot v1, https://goo.gl/fbAQLP

exports[`Kitchen sink schema test passes kitchen sink query 1`] = `
Object {
  "data": Object {
    "createResolvers": Array [
      Object {
        "code": "BdiU-TTFP4h",
        "id": "1685001452849004065",
        "likes": 33,
      },
      Object {
        "code": "Bam3G5XFOTK",
        "id": "1632234281433883850",
        "likes": 30,
      },
    ],
    "filter": Object {
      "edges": Array [
        Object {
          "node": Object {
            "comment": 1,
            "id": "1270677182602272387",
          },
        },
        Object {
          "node": Object {
            "comment": 0,
            "id": "1256134251849702933",
          },
        },
      ],
    },
    "interface": Object {
      "nodes": Array [
        Object {
          "code": "3lADm0M90E",
          "id": "1001206739996237060",
          "image": Object {
            "childImageSharp": Object {
              "id": "0b06bdfe-f253-5859-8321-b42b5d737195",
            },
            "childrenImageSharp": Array [
              Object {
                "id": "0b06bdfe-f253-5859-8321-b42b5d737195",
              },
            ],
          },
          "time": "06 kesäkuu",
        },
      ],
    },
    "resolveFilter": Object {
      "id": "1601601194425654597",
      "idWithDecoration": "decoration-1601601194425654597",
      "likes": 9,
    },
    "sort": Object {
      "edges": Array [
        Object {
          "node": Object {
            "_3invalidKey": null,
            "code": "BShF_8qhtEv",
            "comment": 0,
            "defaultTime": "05 huhtikuu",
            "id": "1486495736706552111",
            "idWithDecoration": "decoration-1486495736706552111",
            "image": Object {
              "childImageSharp": Object {
                "id": "f5f0e564-899f-5bbc-92de-a2325b69cb75",
              },
              "childrenImageSharp": Array [
                Object {
                  "id": "f5f0e564-899f-5bbc-92de-a2325b69cb75",
                },
              ],
            },
            "likes": 8,
            "localeFormat": "05 huhtikuu 2017",
            "localeString": "05 апреля",
            "time": "05.04.2017",
          },
        },
        Object {
          "node": Object {
            "_3invalidKey": null,
            "code": "BY6B8z5lR1F",
            "comment": 0,
            "defaultTime": "11 syyskuu",
            "id": "1601601194425654597",
            "idWithDecoration": "decoration-1601601194425654597",
            "image": Object {
              "childImageSharp": Object {
                "id": "6ba97198-5331-53d6-a0e0-c9c063c5094e",
              },
              "childrenImageSharp": Array [
                Object {
                  "id": "6ba97198-5331-53d6-a0e0-c9c063c5094e",
                },
              ],
            },
            "likes": 9,
            "localeFormat": "11 syyskuu 2017",
            "localeString": "11 сентября",
            "time": "11.09.2017",
          },
        },
      ],
    },
    "thirdPartyInterface": Object {
      "text": "Hello third-party schema!",
    },
    "thirdPartyStuff": Object {
      "child": Object {
        "text": "Hello from children!",
      },
      "text": "Hello third-party schema!",
    },
    "thirdPartyUnion": Object {
      "text": "Hello third-party schema!",
    },
  },
}
`;
