// Jest Snapshot v1, https://goo.gl/fbAQLP

exports[`SSR is run for a page when it is requested 1`] = `"<!DOCTYPE html><html><head><meta charSet=\\"utf-8\\"/><meta http-equiv=\\"x-ua-compatible\\" content=\\"ie=edge\\"/><meta name=\\"viewport\\" content=\\"width=device-width, initial-scale=1, shrink-to-fit=no\\"/><link data-identity=\\"gatsby-dev-css\\" rel=\\"stylesheet\\" type=\\"text/css\\" href=\\"/commons.css\\"/><meta name=\\"note\\" content=\\"environment=development\\"/><script src=\\"/socket.io/socket.io.js\\"></script></head><body><div id=\\"___gatsby\\"><div style=\\"outline:none\\" tabindex=\\"-1\\" id=\\"gatsby-focus-wrapper\\"><div><h1 class=\\"hi\\">Hello world</h1></div></div><div id=\\"gatsby-announcer\\" style=\\"position:absolute;top:0;width:1px;height:1px;padding:0;overflow:hidden;clip:rect(0, 0, 0, 0);white-space:nowrap;border:0\\" aria-live=\\"assertive\\" aria-atomic=\\"true\\"></div></div><script src=\\"/polyfill.js\\" nomodule=\\"\\"></script><script src=\\"/framework.js\\"></script><script src=\\"/commons.js\\"></script></body></html>"`;
