// Jest Snapshot v1, https://goo.gl/fbAQLP

exports[`<PrimaryButton> renders unchanged 1`] = `
<div>
  <button
    class="css-9qeu11"
    type="button"
  >
    Click me!
  </button>
</div>
`;
