// Jest Snapshot v1, https://goo.gl/fbAQLP

exports[`<CopyButton> renders unchanged 1`] = `
<div>
  <button
    class="css-1wkaa75-baseCss"
    title="Copy to clipboard"
    type="button"
  >
    Copy
  </button>
</div>
`;
