// Jest Snapshot v1, https://goo.gl/fbAQLP

exports[`renders a project card 1`] = `
<a
  className="LinkButton"
  href="https://github.com/Roshanjossey/first-contributions/blob/master/README.md"
>
  <span>
     Get started 
  </span>
</a>
`;
