// Jest Snapshot v1, https://goo.gl/fbAQLP

exports[`Toast renders unchanged 1`] = `
<div>
  <div
    class="css-6pdnk1-toastCss-Toast-Toast"
    data-reach-alert="true"
    data-testid="toast"
  >
    <span
      class="css-3wzd5o-statusCss-Toast-Toast"
    >
      <svg
        fill="currentColor"
        height="1em"
        stroke="currentColor"
        stroke-width="0"
        viewBox="0 0 24 24"
        width="1em"
        xmlns="http://www.w3.org/2000/svg"
      >
        <path
          d="M9 16.2L4.8 12l-1.4 1.4L9 19 21 7l-1.4-1.4L9 16.2z"
        />
      </svg>
    </span>
    <div
      class="css-1e1jz1t-messageCss"
    >
      Lorem ipsum
    </div>
    <button
      aria-label="close"
      class="css-1o0uy6d-closeButtonCss"
      type="button"
    >
      <svg
        fill="currentColor"
        height="1em"
        stroke="currentColor"
        stroke-width="0"
        viewBox="0 0 24 24"
        width="1em"
        xmlns="http://www.w3.org/2000/svg"
      >
        <path
          d="M19 6.41L17.59 5 12 10.59 6.41 5 5 6.41 10.59 12 5 17.59 6.41 19 12 13.41 17.59 19 19 17.59 13.41 12z"
        />
      </svg>
    </button>
  </div>
  <div
    class="css-j6docj-toastCss-Toast-Toast"
    data-reach-alert="true"
    data-testid="toast"
  >
    <span
      class="css-18fmh0q-statusCss-Toast-Toast"
    >
      <svg
        fill="currentColor"
        height="1em"
        stroke="currentColor"
        stroke-width="0"
        viewBox="0 0 24 24"
        width="1em"
        xmlns="http://www.w3.org/2000/svg"
      >
        <path
          d="M1 21h22L12 2 1 21zm12-3h-2v-2h2v2zm0-4h-2v-4h2v4z"
        />
      </svg>
    </span>
    <div
      class="css-1e1jz1t-messageCss"
    >
      Lorem ipsum
    </div>
    <button
      aria-label="close"
      class="css-1o0uy6d-closeButtonCss"
      type="button"
    >
      <svg
        fill="currentColor"
        height="1em"
        stroke="currentColor"
        stroke-width="0"
        viewBox="0 0 24 24"
        width="1em"
        xmlns="http://www.w3.org/2000/svg"
      >
        <path
          d="M19 6.41L17.59 5 12 10.59 6.41 5 5 6.41 10.59 12 5 17.59 6.41 19 12 13.41 17.59 19 19 17.59 13.41 12z"
        />
      </svg>
    </button>
  </div>
</div>
`;
