// Jest Snapshot v1, https://goo.gl/fbAQLP

exports[`ColorMode component renders with colors 1`] = `"body{color:tomato;background-color:black;}"`;
