// Jest Snapshot v1, https://goo.gl/fbAQLP

exports[`<ShareButtonRectangle> renders unchanged 1`] = `
.emotion-0 {
  -webkit-align-items: center;
  -webkit-box-align: center;
  -ms-flex-align: center;
  align-items: center;
  border: 0;
  color: #666;
  cursor: pointer;
  display: -webkit-box;
  display: -webkit-flex;
  display: -ms-flexbox;
  display: flex;
  -webkit-flex-basis: 44px;
  -ms-flex-preferred-size: 44px;
  flex-basis: 44px;
  -webkit-box-flex: 1;
  -webkit-flex-grow: 1;
  -ms-flex-positive: 1;
  flex-grow: 1;
  -webkit-box-pack: center;
  -webkit-justify-content: center;
  -ms-flex-pack: center;
  justify-content: center;
  margin: 0;
  min-height: 44px;
  overflow: hidden;
  -webkit-transform: scale(1);
  -ms-transform: scale(1);
  transform: scale(1);
  background: rgba(99,205,241,1);
}

.emotion-0 > svg {
  fill: #fff;
  height: auto;
  -webkit-transform: scale(1);
  -ms-transform: scale(1);
  transform: scale(1);
  -webkit-transition: 0.3s;
  transition: 0.3s;
  width: 24px;
}

.emotion-0:hover > svg {
  -webkit-transform: rotate(-5deg) scale(3);
  -ms-transform: rotate(-5deg) scale(3);
  transform: rotate(-5deg) scale(3);
}

@media (any-hover:none) {
  .emotion-0:hover > svg {
    -webkit-transform: rotate(0) scale(1);
    -ms-transform: rotate(0) scale(1);
    transform: rotate(0) scale(1);
  }
}

<button
  aria-label="Share on Twitter"
  class="emotion-0 rcs-button"
>
  <svg
    fill="currentColor"
    height="1em"
    preserveAspectRatio="xMidYMid meet"
    style="vertical-align: middle;"
    viewBox="0 0 40 40"
    width="1em"
  >
    <g>
      <path
        d="m37.7 9.1q-1.5 2.2-3.7 3.7 0.1 0.3 0.1 1 0 2.9-0.9 5.8t-2.6 5.5-4.1 4.7-5.7 3.3-7.2 1.2q-6.1 0-11.1-3.3 0.8 0.1 1.7 0.1 5 0 9-3-2.4-0.1-4.2-1.5t-2.6-3.5q0.8 0.1 1.4 0.1 1 0 1.9-0.3-2.5-0.5-4.1-2.5t-1.7-4.6v0q1.5 0.8 3.3 0.9-1.5-1-2.4-2.6t-0.8-3.4q0-2 0.9-3.7 2.7 3.4 6.6 5.4t8.3 2.2q-0.2-0.9-0.2-1.7 0-3 2.1-5.1t5.1-2.1q3.2 0 5.3 2.3 2.4-0.5 4.6-1.7-0.8 2.5-3.2 3.9 2.1-0.2 4.2-1.1z"
      />
    </g>
  </svg>
</button>
`;
