// Jest Snapshot v1, https://goo.gl/fbAQLP

exports[`highlight code and lines with PrismJS for language cpp 1`] = `
"<span class=\\"gatsby-highlight-code-line\\"></span><span class=\\"gatsby-highlight-code-line\\"><span class=\\"token keyword\\">int</span> <span class=\\"token function\\">sum</span><span class=\\"token punctuation\\">(</span>a<span class=\\"token punctuation\\">,</span> b<span class=\\"token punctuation\\">)</span> <span class=\\"token punctuation\\">{</span></span>  <span class=\\"token keyword\\">return</span> a <span class=\\"token operator\\">+</span> b<span class=\\"token punctuation\\">;</span>
<span class=\\"token punctuation\\">}</span>
"
`;

exports[`highlight code and lines with PrismJS for language diff-typescript 1`] = `
"
<span class=\\"token deleted-sign deleted language-typescript\\"><span class=\\"token prefix deleted\\">-</span>    <span class=\\"token keyword\\">let</span> foo <span class=\\"token operator\\">=</span> bar<span class=\\"token punctuation\\">.</span><span class=\\"token function\\">baz</span><span class=\\"token punctuation\\">(</span><span class=\\"token punctuation\\">[</span><span class=\\"token number\\">1</span><span class=\\"token punctuation\\">,</span> <span class=\\"token number\\">2</span><span class=\\"token punctuation\\">,</span> <span class=\\"token number\\">3</span><span class=\\"token punctuation\\">]</span><span class=\\"token punctuation\\">)</span><span class=\\"token punctuation\\">;</span>
<span class=\\"token prefix deleted\\">-</span>    foo <span class=\\"token operator\\">=</span> foo <span class=\\"token operator\\">+</span> <span class=\\"token number\\">1</span><span class=\\"token punctuation\\">;</span>
</span><span class=\\"token inserted-sign inserted language-typescript\\"><span class=\\"token prefix inserted\\">+</span>    <span class=\\"token keyword\\">const</span> foo <span class=\\"token operator\\">=</span> bar<span class=\\"token punctuation\\">.</span><span class=\\"token function\\">baz</span><span class=\\"token punctuation\\">(</span><span class=\\"token punctuation\\">[</span><span class=\\"token number\\">1</span><span class=\\"token punctuation\\">,</span> <span class=\\"token number\\">2</span><span class=\\"token punctuation\\">,</span> <span class=\\"token number\\">3</span><span class=\\"token punctuation\\">]</span><span class=\\"token punctuation\\">)</span> <span class=\\"token operator\\">+</span> <span class=\\"token number\\">1</span><span class=\\"token punctuation\\">;</span>
</span><span class=\\"token unchanged language-typescript\\"><span class=\\"token prefix unchanged\\"> </span>    <span class=\\"token builtin\\">console</span><span class=\\"token punctuation\\">.</span><span class=\\"token function\\">log</span><span class=\\"token punctuation\\">(</span>foo<span class=\\"token punctuation\\">)</span><span class=\\"token punctuation\\">;</span>
</span>"
`;

exports[`highlight code and lines with PrismJS for language jsx 1`] = `
"
<span class=\\"token keyword\\">import</span> React <span class=\\"token keyword\\">from</span> <span class=\\"token string\\">\\"react\\"</span>

<span class=\\"token keyword\\">class</span> <span class=\\"token class-name\\">Counter</span> <span class=\\"token keyword\\">extends</span> <span class=\\"token class-name\\">React<span class=\\"token punctuation\\">.</span>Component</span> <span class=\\"token punctuation\\">{</span>
  <span class=\\"token function\\">constructor</span><span class=\\"token punctuation\\">(</span><span class=\\"token punctuation\\">)</span> <span class=\\"token punctuation\\">{</span>
    <span class=\\"token keyword\\">super</span><span class=\\"token punctuation\\">(</span><span class=\\"token punctuation\\">)</span>
    <span class=\\"token keyword\\">this</span><span class=\\"token punctuation\\">.</span>state <span class=\\"token operator\\">=</span> <span class=\\"token punctuation\\">{</span> count<span class=\\"token operator\\">:</span> <span class=\\"token number\\">0</span> <span class=\\"token punctuation\\">}</span>
  <span class=\\"token punctuation\\">}</span>

  <span class=\\"token function\\">render</span><span class=\\"token punctuation\\">(</span><span class=\\"token punctuation\\">)</span> <span class=\\"token punctuation\\">{</span>
    <span class=\\"token keyword\\">return</span> <span class=\\"token punctuation\\">(</span>
<span class=\\"gatsby-highlight-code-line\\">      <span class=\\"token tag\\"><span class=\\"token tag\\"><span class=\\"token punctuation\\">&lt;</span>div</span><span class=\\"token punctuation\\">></span></span><span class=\\"token plain-text\\"></span></span><span class=\\"gatsby-highlight-code-line\\"><span class=\\"token plain-text\\">        </span><span class=\\"token tag\\"><span class=\\"token tag\\"><span class=\\"token punctuation\\">&lt;</span>h1</span><span class=\\"token punctuation\\">></span></span><span class=\\"token plain-text\\">Counter</span><span class=\\"token tag\\"><span class=\\"token tag\\"><span class=\\"token punctuation\\">&lt;/</span>h1</span><span class=\\"token punctuation\\">></span></span><span class=\\"token plain-text\\"></span></span><span class=\\"token plain-text\\">        </span><span class=\\"token tag\\"><span class=\\"token tag\\"><span class=\\"token punctuation\\">&lt;</span>p</span><span class=\\"token punctuation\\">></span></span><span class=\\"token plain-text\\">current count: </span><span class=\\"token punctuation\\">{</span><span class=\\"token keyword\\">this</span><span class=\\"token punctuation\\">.</span>state<span class=\\"token punctuation\\">.</span>count<span class=\\"token punctuation\\">}</span><span class=\\"token tag\\"><span class=\\"token tag\\"><span class=\\"token punctuation\\">&lt;/</span>p</span><span class=\\"token punctuation\\">></span></span><span class=\\"token plain-text\\"></span>
<span class=\\"gatsby-highlight-code-line\\"><span class=\\"token plain-text\\">        </span><span class=\\"token tag\\"><span class=\\"token tag\\"><span class=\\"token punctuation\\">&lt;</span>button</span> <span class=\\"token attr-name\\">onClick</span><span class=\\"token script language-javascript\\"><span class=\\"token script-punctuation punctuation\\">=</span><span class=\\"token punctuation\\">{</span><span class=\\"token punctuation\\">(</span><span class=\\"token punctuation\\">)</span> <span class=\\"token operator\\">=></span> <span class=\\"token keyword\\">this</span><span class=\\"token punctuation\\">.</span><span class=\\"token function\\">setState</span><span class=\\"token punctuation\\">(</span><span class=\\"token punctuation\\">{</span> count<span class=\\"token operator\\">:</span> <span class=\\"token keyword\\">this</span><span class=\\"token punctuation\\">.</span>state<span class=\\"token punctuation\\">.</span>count <span class=\\"token operator\\">+</span> <span class=\\"token number\\">1</span> <span class=\\"token punctuation\\">}</span><span class=\\"token punctuation\\">)</span><span class=\\"token punctuation\\">}</span></span><span class=\\"token punctuation\\">></span></span><span class=\\"token plain-text\\"></span></span><span class=\\"token plain-text\\">          plus</span>
<span class=\\"token plain-text\\">        </span><span class=\\"token tag\\"><span class=\\"token tag\\"><span class=\\"token punctuation\\">&lt;/</span>button</span><span class=\\"token punctuation\\">></span></span><span class=\\"token plain-text\\"></span>
<span class=\\"token plain-text\\">        </span><span class=\\"token tag\\"><span class=\\"token tag\\"><span class=\\"token punctuation\\">&lt;</span>button</span> <span class=\\"token attr-name\\">onClick</span><span class=\\"token script language-javascript\\"><span class=\\"token script-punctuation punctuation\\">=</span><span class=\\"token punctuation\\">{</span><span class=\\"token punctuation\\">(</span><span class=\\"token punctuation\\">)</span> <span class=\\"token operator\\">=></span> <span class=\\"token keyword\\">this</span><span class=\\"token punctuation\\">.</span><span class=\\"token function\\">setState</span><span class=\\"token punctuation\\">(</span><span class=\\"token punctuation\\">{</span> count<span class=\\"token operator\\">:</span> <span class=\\"token keyword\\">this</span><span class=\\"token punctuation\\">.</span>state<span class=\\"token punctuation\\">.</span>count <span class=\\"token operator\\">-</span> <span class=\\"token number\\">1</span> <span class=\\"token punctuation\\">}</span><span class=\\"token punctuation\\">)</span><span class=\\"token punctuation\\">}</span></span><span class=\\"token punctuation\\">></span></span><span class=\\"token plain-text\\"></span>
<span class=\\"token plain-text\\">          minus</span>
<span class=\\"token plain-text\\">        </span><span class=\\"token tag\\"><span class=\\"token tag\\"><span class=\\"token punctuation\\">&lt;/</span>button</span><span class=\\"token punctuation\\">></span></span><span class=\\"token plain-text\\"></span>
<span class=\\"token plain-text\\">      </span><span class=\\"token tag\\"><span class=\\"token tag\\"><span class=\\"token punctuation\\">&lt;/</span>div</span><span class=\\"token punctuation\\">></span></span>
    <span class=\\"token punctuation\\">)</span>
  <span class=\\"token punctuation\\">}</span>
<span class=\\"token punctuation\\">}</span>

<span class=\\"token keyword\\">export</span> <span class=\\"token keyword\\">default</span> Counter
"
`;
